==============================================================================================================
[DIAG] Run_diag 3.0-parallel-control-authority wrapping the CURRENT Run_train.py
[DIAG] Project root          : C:\Users\Tal Efraim\PycharmProjects\Auto-drone-landing-on-a-moving-target\RL_training
[DIAG] Physical step limit   : 7000
[DIAG] Trainable step limit  : 7000
[DIAG] Wall-time limit       : 600s
[DIAG] Full ResNet vectors   : True
[DIAG] Joined authority CSV  : 00_control_authority_timeline.csv
[DIAG] Critical event frames : frames/events/
[DIAG] Final archive         : C:\Users\Tal Efraim\PycharmProjects\Auto-drone-landing-on-a-moving-target\RL_training\diag.zip
[DIAG] Model/checkpoint writes are disabled for this diagnostic run
==============================================================================================================
[AGENT_1P2] Exact Agent-1 snapshot loaded | checkpoint=models\PPO_Tracker\tracking\tracking_20260703_155756\tracking_ppo_280000_steps.zip snapshot=models\PPO_Tracker\tracking\tracking_20260703_155756\training_config_snapshot.json restored_dynamic=5
Connected!
Client Ver:4 (Min Req: 4), Server Ver:4 (Min Req: 4)

[ENV INIT] target car actor: BP_X6M_C_1
[ENV INIT] target car start marker: Actor_1
[ENV INIT] target car marker start pose: <Pose> {   'orientation': <Quaternionr> {   'w_val': 0.7071067690849304,
    'x_val': 0.0,
    'y_val': -0.0,
    'z_val': -0.7071067690849304},
    'position': <Vector3r> {   'x_val': 8.925823211669922,
    'y_val': -0.8769915103912354,
    'z_val': 1.4502252340316772}}
[TRACKER] YOLO+RESNET adapter initialized. device=cuda
[TRACKER] YOLO+RESNET adapter initialized. device=cuda
C:\talef\envs\drone_rl\lib\site-packages\stable_baselines3\common\on_policy_algorithm.py:150: UserWarning: You are trying to run PPO on the GPU, but it is primarily intended to run on the CPU when not using a CNN policy (you are using ActorCriticPolicy which should be a MlpPolicy). See https://github.com/DLR-RM/stable-baselines3/issues/1245 for more info. You can pass `device='cpu'` or `export CUDA_VISIBLE_DEVICES=` to force using the CPU.Note: The model will train, but the GPU utilization will be poor and the training might take longer than on CPU.
  warnings.warn(
Connected!
Client Ver:4 (Min Req: 4), Server Ver:4 (Min Req: 4)

[TRAIN] Resuming Agent 2 from: models\AGENT_1P2\agent2_20260717_164700\agent2_ppo_71680_steps.zip
Wrapping the env in a DummyVecEnv.
Logging to logs\AGENT_1P2\agent2_20260719_100001
============================================================================================
[FLOW] TRAINING_MODE    : AGENT_1P2
[FLOW] Agent 1 runtime  : always active, frozen, front+bottom fusion
[FLOW] Agent 1 owns     : XY search/reacquire + Yaw; Bottom owns landing XY
[FLOW] Agent 2 runtime  : always active landing controller
[FLOW] Agent 2 owns     : Z only (AirSim API NED-Z)
[FLOW] AirSim commands  : exactly one fused command per step
[FLOW] Lost bottom view : descent blocked; Agent 1 keeps chasing/searching
[FLOW] Target velocity   : BOTTOM VISION + DRONE EGO VELOCITY ONLY | gain=1.00 ema=0.45
[FLOW] XY mixer          : bottom LIVE predictive authority + target velocity; A1W_bottom=0.00 A1W_pred=0.35 bottomGain=1.00
[FLOW] Bottom prediction : metric t+1 + bbox/optical-flow + Kalman velocity | horizon=0.10-0.60s
[FLOW] Catch-up mode     : predicted drift pauses Z; normalMax=1.50m/s catchMax=3.20m/s
[FLOW] Front camera      : search/reacquire fallback; never overrides Bottom LIVE XY
[FLOW] Lost Bottom       : hold Z, then bounded CLIMB_REACQUIRE | after=0.45s vz=-0.45m/s targetHeight=3.20m
[FLOW] Target actor XY API: DISABLED (Z-only target surface query remains)
[FLOW] Landing lock      : 2-frame acquire; short PRED gaps pause Z without reset
[FLOW] Appearance bank   : immutable identity + bounded adaptive landing views
[FLOW] Touchdown gate   : bad LIVE centering cannot use appearance fallback
[FLOW] Recovery cycles  : removed
[FLOW] Reward           : landing-only, collision-gated
============================================================================================
[AGENT_1P2] Agent 1 PREPARE | attempt=1/3
[RESET ALT] target_alt=5.00m pose_z=-4.872 measured_alt=4.871833324432373 airborne_ok=True
[CAR RESET DEBUG] ok=True name=BP_X6M_C_1 marker=Actor_1 before=(62.94, -0.50, 1.32) target=(8.93, -0.88, 1.45) after=(8.98, -0.88, 1.45)

[ENV] ONE-TIME TARGET SELECTION (click object)

[ENV CLICK] received click x=437 y=489
[TRACKER] YOLO+RESNET LOCK(click) cid=67 bbox_xyxy=[392, 451, 486, 596]
[ENV CLICK] target selected cid=67 bbox=[392, 451, 486, 596]
[ENV] Target locked and persisted

[TRACKER] YOLO+RESNET AUTO_LOCK bbox_xyxy=[401, 439, 486, 564] score=0.963 cls=67
[RESET] Episode 1
[STARTUP YAW GUARD] steps=12 max_yaw_action=0.12
[DIAG] physical=1/7000 trainable=0/7000 elapsed=38.7/600s agent=AGENT_1 mode=MATCH reason=
[DIAG] physical=2/7000 trainable=0/7000 elapsed=41.0/600s agent=AGENT_1 mode=PRED reason=
[DIAG] physical=3/7000 trainable=0/7000 elapsed=43.1/600s agent=AGENT_1 mode=PRED reason=
[DIAG] physical=4/7000 trainable=0/7000 elapsed=45.5/600s agent=AGENT_1 mode=MATCH reason=
[DIAG] physical=5/7000 trainable=0/7000 elapsed=48.1/600s agent=AGENT_1 mode=MATCH reason=
[DIAG] Ctrl+C received. Packaging all collected diagnostics.
